running under accepted trial #124 (8 of 12 trials spent, 7 exempt from multiplicity; T=1); window [2020-08-17 00:00:00+00:00, 2024-08-01 00:00:00+00:00) -- this takes minutes, not seconds
------------------------------------------------------------------------------
CUP-20 coaching packet -- team-12 / abl-sleeve-lowrisk
------------------------------------------------------------------------------
  trial            #124  (1 of 12 accepted trials spent)
  source           5262ccbeb985e462d4e08f4554b4cf3580fa5f7afaf534354019ca89444b4ae1
  snapshot         ceeedfcd7117a16a58d2bb9bbf9716356c9473098fe8512703d1656834746d48
  window           [2020-08-17 00:00:00+00:00, 2024-08-01 00:00:00+00:00)   seed 20200817
  folds            F1 [2020-08-17, 2021-08-01), F2 [2021-08-01, 2022-08-01), F3 [2022-08-01, 2023-08-01), F4 [2023-08-01, 2024-08-01)

metric vector, at every cost level
------------------------------------------------------------------------------
  metric                                            1x              2x              3x
  annualized_return                           0.103936        0.094193        0.084533
  annualized_turnover                        11.811453       11.813273       11.815099
  annualized_volatility                       0.122753        0.122772        0.122795
  calmar                                      0.680779        0.604573        0.531919
  cost_share_of_positive_gross                0.006473        0.012947        0.019422
  gross_edge_bps_per_turnover                96.954488       96.940820       96.927103
  long_gross_pnl                              0.513381        0.513407        0.513434
  max_drawdown                                0.152672        0.155801        0.158920
  net_sharpe                                  0.867110        0.794780        0.722417
  positive_quarter_count                     11.000000       11.000000       11.000000
  positive_quarter_fraction                   0.647059        0.647059        0.647059
  short_gross_pnl                            -0.060018       -0.060038       -0.060059
  top5_day_share                              0.025811        0.025885        0.025958
  trade_count                             17348.000000    17348.000000    17349.000000

fold Sharpes (2x cost, the level section 7.3 floors them at)
------------------------------------------------------------------------------
  F1                                          1.337458
  F2                                          0.170560
  F3                                          1.345816
  F4                                          0.273669

trial-adjusted confidence: B=0.9685, T=1, confidence=0.9685

hard floors (charter 7.3). '----' is a gate a single point cannot decide.
------------------------------------------------------------------------------
  ----  neighbourhood_positive_fraction              1.000000  required >= 0.7  (assumed; a single point cannot measure a neighbourhood)
  ----  sign_inversion_not_profitable          not measured here; run --falsification, which is its own material trial
  PASS  net_sharpe                                   0.867110  required >= 0.8
  PASS  double_cost_sharpe                           0.794780  required >= 0.5
  PASS  triple_cost_sharpe                           0.722417  required > 0
  PASS  annualized_return                            0.103936  required > 0
  PASS  double_cost_annualized_return                0.094193  required > 0
  PASS  max_drawdown                                 0.152672  required <= 0.2
  PASS  annualized_volatility                        0.122753  required >= 0.06
  PASS  positive_quarter_fraction                    0.647059  required >= 0.5
  PASS  positive_fold_count                          4.000000  required >= 3
  PASS  worst_fold_sharpe                            0.170560  required >= -0.25
  PASS  annualized_turnover                         11.811453  required <= 25
  PASS  gross_edge_bps_per_turnover                 96.954488  required >= 40
  PASS  cost_share_of_positive_gross                 0.006473  required <= 0.3
  PASS  top5_day_share                               0.025811  required <= 0.35
  PASS  max_fold_positive_pnl_share                  0.311133  required <= 0.6
  PASS  trade_count                              17348.000000  required >= 500
  PASS  trial_adjusted_confidence                    0.968500  required >= 0.9
  PASS  declared_roles_match_traded_sides      declared ['long', 'short'], traded ['long', 'short']
  PASS  role_long_gross_pnl                          0.513381  required > 0
  FAIL  role_short_gross_pnl                        -0.060018  required > 0

exposure caps -- how far your book was reduced (charter 4)
------------------------------------------------------------------------------
  executed     0/722 boundaries reduced, minimum scale 1.0000, median 1.0000, binding {'gross': 0, 'net': 0, 'symbol': 0}
  requested    0/722 boundaries reduced, minimum scale 1.0000, median 1.0000, binding {'gross': 0, 'net': 0, 'symbol': 0}

  risk-unit scalar   median 0.4747  min 0.2411  max 1.0000

------------------------------------------------------------------------------
  verdict: FAILS 1 measured floor(s)
  indicative ranking score G: 43.664

  This is your NOMINATED POINT's own vector. It is not your score. Section 7.2
  scores the per-metric MEDIAN across your declared neighbourhood, which is always
  below the maximum of a noisy surface and is what the organiser will rank you on.
------------------------------------------------------------------------------

packet written to tournament/cup20/teams/team-12/research/packets/abl-sleeve-lowrisk.json

completed in 1101.2s
