running under accepted trial #131 (11 of 12 trials spent, 9 exempt from multiplicity; T=2); window [2020-08-17 00:00:00+00:00, 2024-08-01 00:00:00+00:00) -- this takes minutes, not seconds
------------------------------------------------------------------------------
CUP-20 coaching packet -- team-12 / abl-drop-flow
------------------------------------------------------------------------------
  trial            #131  (2 of 12 accepted trials spent)
  source           763f1de6fbf96402f08d0c3bb595d47e5b970f8ae27bee24431479bc611b2161
  snapshot         ceeedfcd7117a16a58d2bb9bbf9716356c9473098fe8512703d1656834746d48
  window           [2020-08-17 00:00:00+00:00, 2024-08-01 00:00:00+00:00)   seed 20200817
  folds            F1 [2020-08-17, 2021-08-01), F2 [2021-08-01, 2022-08-01), F3 [2022-08-01, 2023-08-01), F4 [2023-08-01, 2024-08-01)

metric vector, at every cost level
------------------------------------------------------------------------------
  metric                                            1x              2x              3x
  annualized_return                           0.126481        0.111448        0.096607
  annualized_turnover                        17.871125       17.874941       17.878770
  annualized_volatility                       0.129359        0.129361        0.129372
  calmar                                      1.192170        1.039456        0.891697
  cost_share_of_positive_gross                0.009742        0.019487        0.029236
  gross_edge_bps_per_turnover                78.250818       78.220732       78.190521
  long_gross_pnl                              0.487488        0.487477        0.487465
  max_drawdown                                0.106093        0.107218        0.108341
  net_sharpe                                  0.985474        0.881577        0.777583
  positive_quarter_count                     16.000000       16.000000       14.000000
  positive_quarter_fraction                   0.941176        0.941176        0.823529
  short_gross_pnl                             0.066137        0.066054        0.065970
  top5_day_share                              0.031309        0.031225        0.031139
  trade_count                             17185.000000    17184.000000    17184.000000

fold Sharpes (2x cost, the level section 7.3 floors them at)
------------------------------------------------------------------------------
  F1                                          1.076548
  F2                                          1.180070
  F3                                          0.380729
  F4                                          0.859169

trial-adjusted confidence: B=0.9890, T=2, confidence=0.9780

hard floors (charter 7.3). '----' is a gate a single point cannot decide.
------------------------------------------------------------------------------
  ----  neighbourhood_positive_fraction              1.000000  required >= 0.7  (assumed; a single point cannot measure a neighbourhood)
  ----  sign_inversion_not_profitable          not measured here; run --falsification, which is its own material trial
  PASS  net_sharpe                                   0.985474  required >= 0.8
  PASS  double_cost_sharpe                           0.881577  required >= 0.5
  PASS  triple_cost_sharpe                           0.777583  required > 0
  PASS  annualized_return                            0.126481  required > 0
  PASS  double_cost_annualized_return                0.111448  required > 0
  PASS  max_drawdown                                 0.106093  required <= 0.2
  PASS  annualized_volatility                        0.129359  required >= 0.06
  PASS  positive_quarter_fraction                    0.941176  required >= 0.5
  PASS  positive_fold_count                          4.000000  required >= 3
  PASS  worst_fold_sharpe                            0.380729  required >= -0.25
  PASS  annualized_turnover                         17.871125  required <= 25
  PASS  gross_edge_bps_per_turnover                 78.250818  required >= 40
  PASS  cost_share_of_positive_gross                 0.009742  required <= 0.3
  PASS  top5_day_share                               0.031309  required <= 0.35
  PASS  max_fold_positive_pnl_share                  0.332496  required <= 0.6
  PASS  trade_count                              17185.000000  required >= 500
  PASS  trial_adjusted_confidence                    0.978000  required >= 0.9
  PASS  declared_roles_match_traded_sides      declared ['long', 'short'], traded ['long', 'short']
  PASS  role_long_gross_pnl                          0.487488  required > 0
  PASS  role_short_gross_pnl                         0.066137  required > 0

exposure caps -- how far your book was reduced (charter 4)
------------------------------------------------------------------------------
  executed     0/722 boundaries reduced, minimum scale 1.0000, median 1.0000, binding {'gross': 0, 'net': 0, 'symbol': 0}
  requested    2/722 boundaries reduced, minimum scale 0.7270, median 0.8444, binding {'gross': 0, 'net': 0, 'symbol': 2}

  risk-unit scalar   median 0.4380  min 0.2000  max 1.0000

------------------------------------------------------------------------------
  verdict: NO MEASURED FAILURE -- 2 gate(s) cannot be decided at a single point
  indicative ranking score G: 74.290

  This is your NOMINATED POINT's own vector. It is not your score. Section 7.2
  scores the per-metric MEDIAN across your declared neighbourhood, which is always
  below the maximum of a noisy surface and is what the organiser will rank you on.
------------------------------------------------------------------------------

packet written to tournament/cup20/teams/team-12/research/packets/abl-drop-flow.json

completed in 935.3s
