running under accepted trial #127 (8 of 12 trials spent, 7 exempt from multiplicity; T=1); window [2020-08-17 00:00:00+00:00, 2024-08-01 00:00:00+00:00) -- this takes minutes, not seconds
------------------------------------------------------------------------------
CUP-20 coaching packet -- team-12 / abl-drop-carry
------------------------------------------------------------------------------
  trial            #127  (1 of 12 accepted trials spent)
  source           dac45a024d7ab2dbacc0005b755d078c3cf12a7df6f709723d8b6ae5f8ec47b9
  snapshot         ceeedfcd7117a16a58d2bb9bbf9716356c9473098fe8512703d1656834746d48
  window           [2020-08-17 00:00:00+00:00, 2024-08-01 00:00:00+00:00)   seed 20200817
  folds            F1 [2020-08-17, 2021-08-01), F2 [2021-08-01, 2022-08-01), F3 [2022-08-01, 2023-08-01), F4 [2023-08-01, 2024-08-01)

metric vector, at every cost level
------------------------------------------------------------------------------
  metric                                            1x              2x              3x
  annualized_return                           0.179523        0.164147        0.148964
  annualized_turnover                        17.491497       17.494579       17.497671
  annualized_volatility                       0.128740        0.128712        0.128692
  calmar                                      1.825363        1.623338        1.431143
  cost_share_of_positive_gross                0.009261        0.018524        0.027790
  gross_edge_bps_per_turnover               106.241443      106.225729      106.209958
  long_gross_pnl                              0.614037        0.614079        0.614121
  max_drawdown                                0.098349        0.101117        0.104087
  net_sharpe                                  1.347022        1.245301        1.143427
  positive_quarter_count                     15.000000       14.000000       14.000000
  positive_quarter_fraction                   0.882353        0.823529        0.823529
  short_gross_pnl                             0.121654        0.121634        0.121613
  top5_day_share                              0.032538        0.032488        0.032434
  trade_count                             17047.000000    17046.000000    17046.000000

fold Sharpes (2x cost, the level section 7.3 floors them at)
------------------------------------------------------------------------------
  F1                                          1.439854
  F2                                          1.343526
  F3                                          0.773900
  F4                                          1.381928

trial-adjusted confidence: B=0.9975, T=1, confidence=0.9975

hard floors (charter 7.3). '----' is a gate a single point cannot decide.
------------------------------------------------------------------------------
  ----  neighbourhood_positive_fraction              1.000000  required >= 0.7  (assumed; a single point cannot measure a neighbourhood)
  ----  sign_inversion_not_profitable          not measured here; run --falsification, which is its own material trial
  PASS  net_sharpe                                   1.347022  required >= 0.8
  PASS  double_cost_sharpe                           1.245301  required >= 0.5
  PASS  triple_cost_sharpe                           1.143427  required > 0
  PASS  annualized_return                            0.179523  required > 0
  PASS  double_cost_annualized_return                0.164147  required > 0
  PASS  max_drawdown                                 0.098349  required <= 0.2
  PASS  annualized_volatility                        0.128740  required >= 0.06
  PASS  positive_quarter_fraction                    0.882353  required >= 0.5
  PASS  positive_fold_count                          4.000000  required >= 3
  PASS  worst_fold_sharpe                            0.773900  required >= -0.25
  PASS  annualized_turnover                         17.491497  required <= 25
  PASS  gross_edge_bps_per_turnover                106.241443  required >= 40
  PASS  cost_share_of_positive_gross                 0.009261  required <= 0.3
  PASS  top5_day_share                               0.032538  required <= 0.35
  PASS  max_fold_positive_pnl_share                  0.328535  required <= 0.6
  PASS  trade_count                              17047.000000  required >= 500
  PASS  trial_adjusted_confidence                    0.997500  required >= 0.9
  PASS  declared_roles_match_traded_sides      declared ['long', 'short'], traded ['long', 'short']
  PASS  role_long_gross_pnl                          0.614037  required > 0
  PASS  role_short_gross_pnl                         0.121654  required > 0

exposure caps -- how far your book was reduced (charter 4)
------------------------------------------------------------------------------
  executed     0/722 boundaries reduced, minimum scale 1.0000, median 1.0000, binding {'gross': 0, 'net': 0, 'symbol': 0}
  requested    0/722 boundaries reduced, minimum scale 1.0000, median 1.0000, binding {'gross': 0, 'net': 0, 'symbol': 0}

  risk-unit scalar   median 0.4413  min 0.2450  max 1.0000

------------------------------------------------------------------------------
  verdict: NO MEASURED FAILURE -- 2 gate(s) cannot be decided at a single point
  indicative ranking score G: 91.911

  This is your NOMINATED POINT's own vector. It is not your score. Section 7.2
  scores the per-metric MEDIAN across your declared neighbourhood, which is always
  below the maximum of a noisy surface and is what the organiser will rank you on.
------------------------------------------------------------------------------

packet written to tournament/cup20/teams/team-12/research/packets/abl-drop-carry.json

completed in 1105.3s
