running under accepted trial #123 (8 of 12 trials spent, 7 exempt from multiplicity; T=1); window [2020-08-17 00:00:00+00:00, 2024-08-01 00:00:00+00:00) -- this takes minutes, not seconds
------------------------------------------------------------------------------
CUP-20 coaching packet -- team-12 / abl-sleeve-trend
------------------------------------------------------------------------------
  trial            #123  (1 of 12 accepted trials spent)
  source           b50723f1b26459fa0ba907fe5a1d90e73efc2c1c1d5d4c6b9e354bfc7d09cdc3
  snapshot         ceeedfcd7117a16a58d2bb9bbf9716356c9473098fe8512703d1656834746d48
  window           [2020-08-17 00:00:00+00:00, 2024-08-01 00:00:00+00:00)   seed 20200817
  folds            F1 [2020-08-17, 2021-08-01), F2 [2021-08-01, 2022-08-01), F3 [2022-08-01, 2023-08-01), F4 [2023-08-01, 2024-08-01)

metric vector, at every cost level
------------------------------------------------------------------------------
  metric                                            1x              2x              3x
  annualized_return                           0.111770        0.094624        0.077717
  annualized_turnover                        20.660464       20.667556       20.674761
  annualized_volatility                       0.166329        0.166263        0.166211
  calmar                                      0.903956        0.690483        0.517312
  cost_share_of_positive_gross                0.008944        0.017894        0.026850
  gross_edge_bps_per_turnover                65.073819       65.034469       64.990207
  long_gross_pnl                              0.440297        0.440237        0.440162
  max_drawdown                                0.123645        0.137040        0.150233
  net_sharpe                                  0.720323        0.627045        0.533527
  positive_quarter_count                     11.000000       10.000000       10.000000
  positive_quarter_fraction                   0.647059        0.588235        0.588235
  short_gross_pnl                             0.091960        0.091881        0.091779
  top5_day_share                              0.032620        0.032519        0.032448
  trade_count                             17022.000000    17022.000000    17023.000000

fold Sharpes (2x cost, the level section 7.3 floors them at)
------------------------------------------------------------------------------
  F1                                          0.843529
  F2                                          1.121187
  F3                                         -0.945188
  F4                                          1.243005

trial-adjusted confidence: B=0.9530, T=1, confidence=0.9530

hard floors (charter 7.3). '----' is a gate a single point cannot decide.
------------------------------------------------------------------------------
  ----  neighbourhood_positive_fraction              1.000000  required >= 0.7  (assumed; a single point cannot measure a neighbourhood)
  ----  sign_inversion_not_profitable          not measured here; run --falsification, which is its own material trial
  FAIL  net_sharpe                                   0.720323  required >= 0.8
  PASS  double_cost_sharpe                           0.627045  required >= 0.5
  PASS  triple_cost_sharpe                           0.533527  required > 0
  PASS  annualized_return                            0.111770  required > 0
  PASS  double_cost_annualized_return                0.094624  required > 0
  PASS  max_drawdown                                 0.123645  required <= 0.2
  PASS  annualized_volatility                        0.166329  required >= 0.06
  PASS  positive_quarter_fraction                    0.647059  required >= 0.5
  PASS  positive_fold_count                          3.000000  required >= 3
  FAIL  worst_fold_sharpe                           -0.945188  required >= -0.25
  PASS  annualized_turnover                         20.660464  required <= 25
  PASS  gross_edge_bps_per_turnover                 65.073819  required >= 40
  PASS  cost_share_of_positive_gross                 0.008944  required <= 0.3
  PASS  top5_day_share                               0.032620  required <= 0.35
  PASS  max_fold_positive_pnl_share                  0.400365  required <= 0.6
  PASS  trade_count                              17022.000000  required >= 500
  PASS  trial_adjusted_confidence                    0.953000  required >= 0.9
  PASS  declared_roles_match_traded_sides      declared ['long', 'short'], traded ['long', 'short']
  PASS  role_long_gross_pnl                          0.440297  required > 0
  PASS  role_short_gross_pnl                         0.091960  required > 0

exposure caps -- how far your book was reduced (charter 4)
------------------------------------------------------------------------------
  executed     0/722 boundaries reduced, minimum scale 1.0000, median 1.0000, binding {'gross': 0, 'net': 0, 'symbol': 0}
  requested    4/722 boundaries reduced, minimum scale 0.7091, median 0.9492, binding {'gross': 0, 'net': 0, 'symbol': 4}

  risk-unit scalar   median 0.2000  min 0.2000  max 1.0000

------------------------------------------------------------------------------
  verdict: FAILS 2 measured floor(s)
  indicative ranking score G: 27.903

  This is your NOMINATED POINT's own vector. It is not your score. Section 7.2
  scores the per-metric MEDIAN across your declared neighbourhood, which is always
  below the maximum of a noisy surface and is what the organiser will rank you on.
------------------------------------------------------------------------------

packet written to tournament/cup20/teams/team-12/research/packets/abl-sleeve-trend.json

completed in 1092.6s
