running under accepted trial #122 (8 of 12 trials spent, 7 exempt from multiplicity; T=1); window [2020-08-17 00:00:00+00:00, 2024-08-01 00:00:00+00:00) -- this takes minutes, not seconds
------------------------------------------------------------------------------
CUP-20 coaching packet -- team-12 / abl-sleeve-carry
------------------------------------------------------------------------------
  trial            #122  (1 of 12 accepted trials spent)
  source           9433a151c936a4a0cba70eb1df05c4e64463c5c0d793620b46a8aa5d3af76067
  snapshot         ceeedfcd7117a16a58d2bb9bbf9716356c9473098fe8512703d1656834746d48
  window           [2020-08-17 00:00:00+00:00, 2024-08-01 00:00:00+00:00)   seed 20200817
  folds            F1 [2020-08-17, 2021-08-01), F2 [2021-08-01, 2022-08-01), F3 [2022-08-01, 2023-08-01), F4 [2023-08-01, 2024-08-01)

metric vector, at every cost level
------------------------------------------------------------------------------
  metric                                            1x              2x              3x
  annualized_return                           0.039244        0.026134        0.013184
  annualized_turnover                        16.919309       16.921635       16.923973
  annualized_volatility                       0.119081        0.119121        0.119169
  calmar                                      0.184774        0.120319        0.059389
  cost_share_of_positive_gross                0.009651        0.019305        0.028959
  gross_edge_bps_per_turnover                34.124024       34.117554       34.111088
  long_gross_pnl                              0.305891        0.305933        0.305976
  max_drawdown                                0.212389        0.217204        0.221995
  net_sharpe                                  0.382821        0.276151        0.169513
  positive_quarter_count                      8.000000        8.000000        8.000000
  positive_quarter_fraction                   0.470588        0.470588        0.470588
  short_gross_pnl                            -0.077322       -0.077376       -0.077430
  top5_day_share                              0.030213        0.030255        0.030293
  trade_count                             17540.000000    17540.000000    17539.000000

fold Sharpes (2x cost, the level section 7.3 floors them at)
------------------------------------------------------------------------------
  F1                                          0.179985
  F2                                          0.693916
  F3                                         -0.300107
  F4                                          0.564956

trial-adjusted confidence: B=0.7555, T=1, confidence=0.7555

hard floors (charter 7.3). '----' is a gate a single point cannot decide.
------------------------------------------------------------------------------
  ----  neighbourhood_positive_fraction              1.000000  required >= 0.7  (assumed; a single point cannot measure a neighbourhood)
  ----  sign_inversion_not_profitable          not measured here; run --falsification, which is its own material trial
  FAIL  net_sharpe                                   0.382821  required >= 0.8
  FAIL  double_cost_sharpe                           0.276151  required >= 0.5
  PASS  triple_cost_sharpe                           0.169513  required > 0
  PASS  annualized_return                            0.039244  required > 0
  PASS  double_cost_annualized_return                0.026134  required > 0
  FAIL  max_drawdown                                 0.212389  required <= 0.2
  PASS  annualized_volatility                        0.119081  required >= 0.06
  FAIL  positive_quarter_fraction                    0.470588  required >= 0.5
  PASS  positive_fold_count                          3.000000  required >= 3
  FAIL  worst_fold_sharpe                           -0.300107  required >= -0.25
  PASS  annualized_turnover                         16.919309  required <= 25
  FAIL  gross_edge_bps_per_turnover                 34.124024  required >= 40
  PASS  cost_share_of_positive_gross                 0.009651  required <= 0.3
  PASS  top5_day_share                               0.030213  required <= 0.35
  PASS  max_fold_positive_pnl_share                  0.290863  required <= 0.6
  PASS  trade_count                              17540.000000  required >= 500
  FAIL  trial_adjusted_confidence                    0.755500  required >= 0.9
  PASS  declared_roles_match_traded_sides      declared ['long', 'short'], traded ['long', 'short']
  PASS  role_long_gross_pnl                          0.305891  required > 0
  FAIL  role_short_gross_pnl                        -0.077322  required > 0

exposure caps -- how far your book was reduced (charter 4)
------------------------------------------------------------------------------
  executed     7/722 boundaries reduced, minimum scale 0.8952, median 0.9272, binding {'gross': 7, 'net': 0, 'symbol': 0}
  requested    0/722 boundaries reduced, minimum scale 1.0000, median 1.0000, binding {'gross': 0, 'net': 0, 'symbol': 0}

  risk-unit scalar   median 0.5811  min 0.2823  max 1.1191

------------------------------------------------------------------------------
  verdict: FAILS 8 measured floor(s)
  indicative ranking score G: -3.130

  This is your NOMINATED POINT's own vector. It is not your score. Section 7.2
  scores the per-metric MEDIAN across your declared neighbourhood, which is always
  below the maximum of a noisy surface and is what the organiser will rank you on.
------------------------------------------------------------------------------

packet written to tournament/cup20/teams/team-12/research/packets/abl-sleeve-carry.json

completed in 1131.6s
