running under accepted trial #72 (7 of 12 trials spent); window [2020-08-17 00:00:00+00:00, 2024-08-01 00:00:00+00:00) -- this takes minutes, not seconds
------------------------------------------------------------------------------
CUP-20 coaching packet -- team-07 / carry-cadence-1
------------------------------------------------------------------------------
  trial            #72  (7 of 12 accepted trials spent)
  source           ed33fe1bc9d46bcec1d0ddfdde105a7ddf6433c6da57d270746886142be44db9
  snapshot         ceeedfcd7117a16a58d2bb9bbf9716356c9473098fe8512703d1656834746d48
  window           [2020-08-17 00:00:00+00:00, 2024-08-01 00:00:00+00:00)   seed 20260807
  folds            F1 [2020-08-17, 2021-08-01), F2 [2021-08-01, 2022-08-01), F3 [2022-08-01, 2023-08-01), F4 [2023-08-01, 2024-08-01)

metric vector, at every cost level
------------------------------------------------------------------------------
  metric                                            1x              2x              3x
  annualized_return                           0.099089        0.058325        0.019060
  annualized_turnover                        50.352147       50.357433       50.362787
  annualized_volatility                       0.111614        0.111709        0.111834
  calmar                                      0.617928        0.346753        0.107888
  cost_share_of_positive_gross                0.028845        0.057697        0.086556
  gross_edge_bps_per_turnover                27.435655       27.429507       27.423282
  long_gross_pnl                              0.537193        0.537126        0.537058
  max_drawdown                                0.160358        0.168204        0.176668
  net_sharpe                                  0.902264        0.563200        0.224611
  positive_quarter_count                     13.000000       13.000000       12.000000
  positive_quarter_fraction                   0.764706        0.764706        0.705882
  short_gross_pnl                             0.009707        0.009710        0.009712
  top5_day_share                              0.027958        0.027777        0.027577
  trade_count                             66589.000000    66581.000000    66581.000000

fold Sharpes (2x cost, the level section 7.3 floors them at)
------------------------------------------------------------------------------
  F1                                          0.365247
  F2                                          0.909784
  F3                                          0.352940
  F4                                          0.711599

trial-adjusted confidence: B=0.9625, T=7, confidence=0.7375

hard floors (charter 7.3). '----' is a gate a single point cannot decide.
------------------------------------------------------------------------------
  ----  neighbourhood_positive_fraction              1.000000  required >= 0.7  (assumed; a single point cannot measure a neighbourhood)
  ----  sign_inversion_not_profitable          not measured here; run --falsification, which is its own material trial
  PASS  net_sharpe                                   0.902264  required >= 0.8
  PASS  double_cost_sharpe                           0.563200  required >= 0.5
  PASS  triple_cost_sharpe                           0.224611  required > 0
  PASS  annualized_return                            0.099089  required > 0
  PASS  double_cost_annualized_return                0.058325  required > 0
  PASS  max_drawdown                                 0.160358  required <= 0.2
  PASS  annualized_volatility                        0.111614  required >= 0.06
  PASS  positive_quarter_fraction                    0.764706  required >= 0.5
  PASS  positive_fold_count                          4.000000  required >= 3
  PASS  worst_fold_sharpe                            0.352940  required >= -0.25
  FAIL  annualized_turnover                         50.352147  required <= 25
  FAIL  gross_edge_bps_per_turnover                 27.435655  required >= 40
  PASS  cost_share_of_positive_gross                 0.028845  required <= 0.3
  PASS  top5_day_share                               0.027958  required <= 0.35
  PASS  max_fold_positive_pnl_share                  0.272000  required <= 0.6
  PASS  trade_count                              66589.000000  required >= 500
  FAIL  trial_adjusted_confidence                    0.737500  required >= 0.9
  PASS  declared_roles_match_traded_sides      declared ['long', 'short'], traded ['long', 'short']
  PASS  role_long_gross_pnl                          0.537193  required > 0
  PASS  role_short_gross_pnl                         0.009707  required > 0

exposure caps -- how far your book was reduced (charter 4)
------------------------------------------------------------------------------
  executed     91/4319 boundaries reduced, minimum scale 0.8281, median 0.8835, binding {'gross': 91, 'net': 0, 'symbol': 0}
  requested    10/4319 boundaries reduced, minimum scale 0.4715, median 0.8683, binding {'gross': 0, 'net': 0, 'symbol': 10}

  risk-unit scalar   median 0.6744  min 0.2871  max 1.2077

------------------------------------------------------------------------------
  verdict: FAILS 3 measured floor(s)
  indicative ranking score G: 31.282

  This is your NOMINATED POINT's own vector. It is not your score. Section 7.2
  scores the per-metric MEDIAN across your declared neighbourhood, which is always
  below the maximum of a noisy surface and is what the organiser will rank you on.
------------------------------------------------------------------------------

packet written to tournament/cup20/teams/team-07/research/packets/point-carry-cadence-1.json

completed in 766.8s
