running under accepted trial #70 (3 of 12 trials spent); window [2020-08-17 00:00:00+00:00, 2024-08-01 00:00:00+00:00) -- this takes minutes, not seconds
------------------------------------------------------------------------------
CUP-20 coaching packet -- team-07 / carry-controls-off
------------------------------------------------------------------------------
  trial            #70  (3 of 12 accepted trials spent)
  source           d193dd5f21a0552e73b369bd1d3684f565ad8804f12bc7d35d8e6a6b2c9c9b09
  snapshot         ceeedfcd7117a16a58d2bb9bbf9716356c9473098fe8512703d1656834746d48
  window           [2020-08-17 00:00:00+00:00, 2024-08-01 00:00:00+00:00)   seed 20260807
  folds            F1 [2020-08-17, 2021-08-01), F2 [2021-08-01, 2022-08-01), F3 [2022-08-01, 2023-08-01), F4 [2023-08-01, 2024-08-01)

metric vector, at every cost level
------------------------------------------------------------------------------
  metric                                            1x              2x              3x
  annualized_return                           0.057297        0.030476        0.004316
  annualized_turnover                        33.992372       33.996269       34.000212
  annualized_volatility                       0.113645        0.113714        0.113802
  calmar                                      0.285299        0.147762        0.020394
  cost_share_of_positive_gross                0.019421        0.038846        0.058276
  gross_edge_bps_per_turnover                25.692578       25.634093       25.572675
  long_gross_pnl                              0.393660        0.393657        0.393654
  max_drawdown                                0.200830        0.206248        0.211632
  net_sharpe                                  0.547015        0.320771        0.094654
  positive_quarter_count                     11.000000       11.000000       10.000000
  positive_quarter_fraction                   0.647059        0.647059        0.588235
  short_gross_pnl                            -0.047908       -0.048653       -0.049436
  top5_day_share                              0.026381        0.026380        0.026373
  trade_count                             34685.000000    34692.000000    34700.000000

fold Sharpes (2x cost, the level section 7.3 floors them at)
------------------------------------------------------------------------------
  F1                                          0.028853
  F2                                          0.805595
  F3                                          0.706929
  F4                                         -0.142101

trial-adjusted confidence: B=0.8360, T=3, confidence=0.5080

hard floors (charter 7.3). '----' is a gate a single point cannot decide.
------------------------------------------------------------------------------
  ----  neighbourhood_positive_fraction              1.000000  required >= 0.7  (assumed; a single point cannot measure a neighbourhood)
  ----  sign_inversion_not_profitable          not measured here; run --falsification, which is its own material trial
  FAIL  net_sharpe                                   0.547015  required >= 0.8
  FAIL  double_cost_sharpe                           0.320771  required >= 0.5
  PASS  triple_cost_sharpe                           0.094654  required > 0
  PASS  annualized_return                            0.057297  required > 0
  PASS  double_cost_annualized_return                0.030476  required > 0
  FAIL  max_drawdown                                 0.200830  required <= 0.2
  PASS  annualized_volatility                        0.113645  required >= 0.06
  PASS  positive_quarter_fraction                    0.647059  required >= 0.5
  PASS  positive_fold_count                          3.000000  required >= 3
  PASS  worst_fold_sharpe                           -0.142101  required >= -0.25
  FAIL  annualized_turnover                         33.992372  required <= 25
  FAIL  gross_edge_bps_per_turnover                 25.692578  required >= 40
  PASS  cost_share_of_positive_gross                 0.019421  required <= 0.3
  PASS  top5_day_share                               0.026381  required <= 0.35
  PASS  max_fold_positive_pnl_share                  0.278407  required <= 0.6
  PASS  trade_count                              34685.000000  required >= 500
  FAIL  trial_adjusted_confidence                    0.508000  required >= 0.9
  PASS  declared_roles_match_traded_sides      declared ['long', 'short'], traded ['long', 'short']
  PASS  role_long_gross_pnl                          0.393660  required > 0
  FAIL  role_short_gross_pnl                        -0.047908  required > 0

exposure caps -- how far your book was reduced (charter 4)
------------------------------------------------------------------------------
  executed     31/2160 boundaries reduced, minimum scale 0.8599, median 0.9178, binding {'gross': 31, 'net': 0, 'symbol': 0}
  requested    0/2160 boundaries reduced, minimum scale 1.0000, median 1.0000, binding {'gross': 0, 'net': 0, 'symbol': 0}

  risk-unit scalar   median 0.5981  min 0.2657  max 1.1640

------------------------------------------------------------------------------
  verdict: FAILS 7 measured floor(s)
  indicative ranking score G: 3.769

  This is your NOMINATED POINT's own vector. It is not your score. Section 7.2
  scores the per-metric MEDIAN across your declared neighbourhood, which is always
  below the maximum of a noisy surface and is what the organiser will rank you on.
------------------------------------------------------------------------------

packet written to tournament/cup20/teams/team-07/research/packets/point-carry-controls-off.json

completed in 712.4s
