running under accepted trial #68 (3 of 12 trials spent); window [2020-08-17 00:00:00+00:00, 2024-08-01 00:00:00+00:00) -- this takes minutes, not seconds
------------------------------------------------------------------------------
CUP-20 coaching packet -- team-07 / carry-crowd-guard
------------------------------------------------------------------------------
  trial            #68  (3 of 12 accepted trials spent)
  source           463bb83acb9a7129397c7a7e8786f50ef6fa327f4a77203f1e2babfc73028919
  snapshot         ceeedfcd7117a16a58d2bb9bbf9716356c9473098fe8512703d1656834746d48
  window           [2020-08-17 00:00:00+00:00, 2024-08-01 00:00:00+00:00)   seed 20260807
  folds            F1 [2020-08-17, 2021-08-01), F2 [2021-08-01, 2022-08-01), F3 [2022-08-01, 2023-08-01), F4 [2023-08-01, 2024-08-01)

metric vector, at every cost level
------------------------------------------------------------------------------
  metric                                            1x              2x              3x
  annualized_return                           0.107766        0.074134        0.041512
  annualized_turnover                        41.083170       41.087599       41.092106
  annualized_volatility                       0.111400        0.111475        0.111573
  calmar                                      0.651118        0.432075        0.233733
  cost_share_of_positive_gross                0.023404        0.046812        0.070224
  gross_edge_bps_per_turnover                33.854116       33.848893       33.843586
  long_gross_pnl                              0.523225        0.523217        0.523209
  max_drawdown                                0.165510        0.171577        0.177603
  net_sharpe                                  0.974397        0.697186        0.420210
  positive_quarter_count                     13.000000       13.000000       13.000000
  positive_quarter_fraction                   0.764706        0.764706        0.764706
  short_gross_pnl                             0.027393        0.027376        0.027358
  top5_day_share                              0.027493        0.027402        0.027300
  trade_count                             35103.000000    35099.000000    35102.000000

fold Sharpes (2x cost, the level section 7.3 floors them at)
------------------------------------------------------------------------------
  F1                                          0.370510
  F2                                          1.291696
  F3                                          0.528388
  F4                                          0.734748

trial-adjusted confidence: B=0.9730, T=3, confidence=0.9190

hard floors (charter 7.3). '----' is a gate a single point cannot decide.
------------------------------------------------------------------------------
  ----  neighbourhood_positive_fraction              1.000000  required >= 0.7  (assumed; a single point cannot measure a neighbourhood)
  ----  sign_inversion_not_profitable          not measured here; run --falsification, which is its own material trial
  PASS  net_sharpe                                   0.974397  required >= 0.8
  PASS  double_cost_sharpe                           0.697186  required >= 0.5
  PASS  triple_cost_sharpe                           0.420210  required > 0
  PASS  annualized_return                            0.107766  required > 0
  PASS  double_cost_annualized_return                0.074134  required > 0
  PASS  max_drawdown                                 0.165510  required <= 0.2
  PASS  annualized_volatility                        0.111400  required >= 0.06
  PASS  positive_quarter_fraction                    0.764706  required >= 0.5
  PASS  positive_fold_count                          4.000000  required >= 3
  PASS  worst_fold_sharpe                            0.370510  required >= -0.25
  FAIL  annualized_turnover                         41.083170  required <= 25
  FAIL  gross_edge_bps_per_turnover                 33.854116  required >= 40
  PASS  cost_share_of_positive_gross                 0.023404  required <= 0.3
  PASS  top5_day_share                               0.027493  required <= 0.35
  PASS  max_fold_positive_pnl_share                  0.271807  required <= 0.6
  PASS  trade_count                              35103.000000  required >= 500
  PASS  trial_adjusted_confidence                    0.919000  required >= 0.9
  PASS  declared_roles_match_traded_sides      declared ['long', 'short'], traded ['long', 'short']
  PASS  role_long_gross_pnl                          0.523225  required > 0
  PASS  role_short_gross_pnl                         0.027393  required > 0

exposure caps -- how far your book was reduced (charter 4)
------------------------------------------------------------------------------
  executed     46/2160 boundaries reduced, minimum scale 0.8136, median 0.8748, binding {'gross': 46, 'net': 0, 'symbol': 0}
  requested    5/2160 boundaries reduced, minimum scale 0.4715, median 0.8153, binding {'gross': 0, 'net': 0, 'symbol': 5}

  risk-unit scalar   median 0.6800  min 0.2857  max 1.2305

------------------------------------------------------------------------------
  verdict: FAILS 2 measured floor(s)
  indicative ranking score G: 41.188

  This is your NOMINATED POINT's own vector. It is not your score. Section 7.2
  scores the per-metric MEDIAN across your declared neighbourhood, which is always
  below the maximum of a noisy surface and is what the organiser will rank you on.
------------------------------------------------------------------------------

packet written to tournament/cup20/teams/team-07/research/packets/point-carry-crowd-guard.json

completed in 712.0s
