running under accepted trial #118 (8 of 12 trials spent, 6 exempt from multiplicity; T=2); window [2020-08-17 00:00:00+00:00, 2024-08-01 00:00:00+00:00) -- this takes minutes, not seconds
------------------------------------------------------------------------------
CUP-20 coaching packet -- team-11 / ablation-asia-only
------------------------------------------------------------------------------
  trial            #118  (2 of 12 accepted trials spent)
  source           1761e9d5c0d30a5848e94bf886589155607c6912359a5df20b34d75fe1cdce56
  snapshot         ceeedfcd7117a16a58d2bb9bbf9716356c9473098fe8512703d1656834746d48
  window           [2020-08-17 00:00:00+00:00, 2024-08-01 00:00:00+00:00)   seed 11
  folds            F1 [2020-08-17, 2021-08-01), F2 [2021-08-01, 2022-08-01), F3 [2022-08-01, 2023-08-01), F4 [2023-08-01, 2024-08-01)

metric vector, at every cost level
------------------------------------------------------------------------------
  metric                                            1x              2x              3x
  annualized_return                           0.003778       -0.005988       -0.015665
  annualized_turnover                        13.040598       13.043151       13.045709
  annualized_volatility                       0.118596        0.118605        0.118629
  calmar                                      0.023764       -0.033760       -0.080178
  cost_share_of_positive_gross                0.007452        0.014905        0.022359
  gross_edge_bps_per_turnover                15.492235       15.496320       15.500459
  long_gross_pnl                              0.389201        0.389334        0.389468
  max_drawdown                                0.158981        0.177379        0.195381
  net_sharpe                                  0.091262        0.008832       -0.073608
  positive_quarter_count                      8.000000        7.000000        6.000000
  positive_quarter_fraction                   0.470588        0.411765        0.352941
  short_gross_pnl                            -0.309220       -0.309317       -0.309413
  top5_day_share                              0.026956        0.027027        0.027090
  trade_count                              6330.000000     6330.000000     6330.000000

fold Sharpes (2x cost, the level section 7.3 floors them at)
------------------------------------------------------------------------------
  F1                                         -0.518408
  F2                                          0.016361
  F3                                         -0.253565
  F4                                          0.883791

trial-adjusted confidence: B=0.5570, T=2, confidence=0.1140

hard floors (charter 7.3). '----' is a gate a single point cannot decide.
------------------------------------------------------------------------------
  ----  neighbourhood_positive_fraction              1.000000  required >= 0.7  (assumed; a single point cannot measure a neighbourhood)
  ----  sign_inversion_not_profitable          not measured here; run --falsification, which is its own material trial
  FAIL  net_sharpe                                   0.091262  required >= 0.8
  FAIL  double_cost_sharpe                           0.008832  required >= 0.5
  FAIL  triple_cost_sharpe                          -0.073608  required > 0
  PASS  annualized_return                            0.003778  required > 0
  FAIL  double_cost_annualized_return               -0.005988  required > 0
  PASS  max_drawdown                                 0.158981  required <= 0.2
  PASS  annualized_volatility                        0.118596  required >= 0.06
  FAIL  positive_quarter_fraction                    0.470588  required >= 0.5
  FAIL  positive_fold_count                          2.000000  required >= 3
  FAIL  worst_fold_sharpe                           -0.518408  required >= -0.25
  PASS  annualized_turnover                         13.040598  required <= 25
  FAIL  gross_edge_bps_per_turnover                 15.492235  required >= 40
  PASS  cost_share_of_positive_gross                 0.007452  required <= 0.3
  PASS  top5_day_share                               0.026956  required <= 0.35
  PASS  max_fold_positive_pnl_share                  0.278469  required <= 0.6
  PASS  trade_count                               6330.000000  required >= 500
  FAIL  trial_adjusted_confidence                    0.114000  required >= 0.9
  PASS  declared_roles_match_traded_sides      declared ['long', 'short'], traded ['long', 'short']
  PASS  role_long_gross_pnl                          0.389201  required > 0
  FAIL  role_short_gross_pnl                        -0.309220  required > 0

exposure caps -- how far your book was reduced (charter 4)
------------------------------------------------------------------------------
  executed     8/207 boundaries reduced, minimum scale 0.7438, median 0.9098, binding {'gross': 8, 'net': 0, 'symbol': 0}
  requested    0/207 boundaries reduced, minimum scale 1.0000, median 1.0000, binding {'gross': 0, 'net': 0, 'symbol': 0}

  risk-unit scalar   median 0.6444  min 0.3111  max 1.3578

------------------------------------------------------------------------------
  verdict: FAILS 10 measured floor(s)
  indicative ranking score G: -9.942

  This is your NOMINATED POINT's own vector. It is not your score. Section 7.2
  scores the per-metric MEDIAN across your declared neighbourhood, which is always
  below the maximum of a noisy surface and is what the organiser will rank you on.
------------------------------------------------------------------------------

packet written to tournament/cup20/teams/team-11/research/packets/ablation-asia-only.json

completed in 513.4s
