running under accepted trial #115 (8 of 12 trials spent, 6 exempt from multiplicity; T=2); window [2020-08-17 00:00:00+00:00, 2024-08-01 00:00:00+00:00) -- this takes minutes, not seconds
------------------------------------------------------------------------------
CUP-20 neighbourhood sweep -- team-11 / desk-closed-share
------------------------------------------------------------------------------
  trial            #115  (2 of 12 accepted trials spent)
  source           90e0dfbf2347fe2a9c14455c53afd9e2bcb7e544717051e6804e9b840d4f32fb
  snapshot         ceeedfcd7117a16a58d2bb9bbf9716356c9473098fe8512703d1656834746d48
  window           [2020-08-17 00:00:00+00:00, 2024-08-01 00:00:00+00:00)   seed 11
  folds            F1 [2020-08-17, 2021-08-01), F2 [2021-08-01, 2022-08-01), F3 [2022-08-01, 2023-08-01), F4 [2023-08-01, 2024-08-01)
  coordinates      ACTIVITY_WINDOW_BARS, VOLATILITY_WINDOW_BARS, REBALANCE_PHASE_BARS, WEIGHT_POWER
  points           9 including the nominee, 4 worker(s), 2211.9s wall clock

the points, each a separately materialised and separately executed file
------------------------------------------------------------------------------
  point                               net_sharpe   2x_sharpe  ann_return    max_dd   trades
  nominee  ACTIVITY_WINDOW_BARS=252 REBALANCE_PHASE_BARS=4 VOLATILITY_WINDOW_BARS=252 WEIGHT_POWER=1      0.9145      0.8233      0.1057    0.1015     7092
  point-1  ACTIVITY_WINDOW_BARS=189 REBALANCE_PHASE_BARS=4 VOLATILITY_WINDOW_BARS=252 WEIGHT_POWER=1      0.8453      0.7439      0.0962    0.1108     6790
  point-2  ACTIVITY_WINDOW_BARS=315 REBALANCE_PHASE_BARS=4 VOLATILITY_WINDOW_BARS=252 WEIGHT_POWER=1      0.7797      0.6907      0.0882    0.1065     7272
  point-3  ACTIVITY_WINDOW_BARS=252 REBALANCE_PHASE_BARS=4 VOLATILITY_WINDOW_BARS=189 WEIGHT_POWER=1      0.9045      0.8104      0.1045    0.1010     6972
  point-4  ACTIVITY_WINDOW_BARS=252 REBALANCE_PHASE_BARS=4 VOLATILITY_WINDOW_BARS=315 WEIGHT_POWER=1      0.8207      0.7292      0.0934    0.0991     7332
  point-5  ACTIVITY_WINDOW_BARS=252 REBALANCE_PHASE_BARS=2 VOLATILITY_WINDOW_BARS=252 WEIGHT_POWER=1      0.9742      0.8829      0.1152    0.0977     6970
  point-6  ACTIVITY_WINDOW_BARS=252 REBALANCE_PHASE_BARS=7 VOLATILITY_WINDOW_BARS=252 WEIGHT_POWER=1      0.8302      0.7414      0.0960    0.0925     7311
  point-7  ACTIVITY_WINDOW_BARS=252 REBALANCE_PHASE_BARS=4 VOLATILITY_WINDOW_BARS=252 WEIGHT_POWER=0.7      0.8597      0.7697      0.0980    0.0978     7471
  point-8  ACTIVITY_WINDOW_BARS=252 REBALANCE_PHASE_BARS=4 VOLATILITY_WINDOW_BARS=252 WEIGHT_POWER=1.4      0.9130      0.8204      0.1061    0.1066     6473
    nominee  ACTIVITY_WINDOW_BARS=252 REBALANCE_PHASE_BARS=4 VOLATILITY_WINDOW_BARS=252 WEIGHT_POWER=1  ->  strategy.py dbb6443ee50adffadcaa5f9c3475ba171976e4978519d76a2753e24885606cd1
    point-1  ACTIVITY_WINDOW_BARS=189 REBALANCE_PHASE_BARS=4 VOLATILITY_WINDOW_BARS=252 WEIGHT_POWER=1  ->  strategy.py 5d78d5216a75cb9aa0a72e015058cc7f67f1cea053c57c8b3f194dfbe891a1c9
    point-2  ACTIVITY_WINDOW_BARS=315 REBALANCE_PHASE_BARS=4 VOLATILITY_WINDOW_BARS=252 WEIGHT_POWER=1  ->  strategy.py dffad28ea2bd73e0e643697aabb1ddda689fbe1095e40f6b8238decfe39628cb
    point-3  ACTIVITY_WINDOW_BARS=252 REBALANCE_PHASE_BARS=4 VOLATILITY_WINDOW_BARS=189 WEIGHT_POWER=1  ->  strategy.py cfe016419aefa1f25ec35f4ab582d863fff536047998ef6e2c3a28971ff40996
    point-4  ACTIVITY_WINDOW_BARS=252 REBALANCE_PHASE_BARS=4 VOLATILITY_WINDOW_BARS=315 WEIGHT_POWER=1  ->  strategy.py ea0524d0aa9662947634cfccb4ab864f8d50cfe9ba39d4d746ac4f110b0c39c8
    point-5  ACTIVITY_WINDOW_BARS=252 REBALANCE_PHASE_BARS=2 VOLATILITY_WINDOW_BARS=252 WEIGHT_POWER=1  ->  strategy.py 7a7cb48141b4a7eece1a91d69ae9c9e4edadf12c277c7e907e7d719ff41692e7
    point-6  ACTIVITY_WINDOW_BARS=252 REBALANCE_PHASE_BARS=7 VOLATILITY_WINDOW_BARS=252 WEIGHT_POWER=1  ->  strategy.py 33b1ab8a4986c614987c0a70958f7a7350c926920571ff71ac8f4978de0c52a7
    point-7  ACTIVITY_WINDOW_BARS=252 REBALANCE_PHASE_BARS=4 VOLATILITY_WINDOW_BARS=252 WEIGHT_POWER=0.7  ->  strategy.py 7079e92ffdf56b7f8817c61c28bdc782724e4919773d9bc6722f4106bb8be3c0
    point-8  ACTIVITY_WINDOW_BARS=252 REBALANCE_PHASE_BARS=4 VOLATILITY_WINDOW_BARS=252 WEIGHT_POWER=1.4  ->  strategy.py 2df6c549335b81cfa783a1fc5c48a50c0edae4353e6b2e6329c25928f8bcffea

YOUR SCORE -- the per-metric MEDIAN across the declared neighbourhood (section 7.2)
------------------------------------------------------------------------------
  annualized_return                               0.097965
  annualized_turnover                            14.337921
  annualized_volatility                           0.117366
  calmar                                          0.877330
  cost_share_of_positive_gross                    0.008004
  double_cost_annualized_return                   0.086475
  double_cost_annualized_turnover                14.341347
  double_cost_max_drawdown                        0.101888
  double_cost_positive_quarter_fraction           0.647059
  double_cost_sharpe                              0.769691
  gross_edge_bps_per_turnover                    78.832045
  long_gross_pnl                                  0.516751
  max_drawdown                                    0.100962
  max_fold_positive_pnl_share                     0.270151
  median_fold_sharpe                              0.668037
  net_sharpe                                      0.859654
  positive_fold_count                             4.000000
  positive_quarter_count                         11.000000
  positive_quarter_fraction                       0.647059
  short_gross_pnl                                -0.065736
  top5_day_share                                  0.027011
  trade_count                                  7092.000000
  triple_cost_sharpe                              0.679511
  worst_fold_sharpe                               0.285428

  positive_point_fraction   1.0000  required >= 0.7  (9 of 9 points have positive 1x return AND positive 2x Sharpe)
  trial-adjusted confidence B=0.9675 (median across points), T=2, confidence=0.9350

hard floors (charter 7.3), on the MEDIAN. '----' is a gate a sweep cannot decide.
------------------------------------------------------------------------------
  ----  sign_inversion_not_profitable          not measured here; run --falsification, which is its own material trial
  PASS  net_sharpe                                   0.859654  required >= 0.8
  PASS  double_cost_sharpe                           0.769691  required >= 0.5
  PASS  triple_cost_sharpe                           0.679511  required > 0
  PASS  annualized_return                            0.097965  required > 0
  PASS  double_cost_annualized_return                0.086475  required > 0
  PASS  max_drawdown                                 0.100962  required <= 0.2
  PASS  annualized_volatility                        0.117366  required >= 0.06
  PASS  positive_quarter_fraction                    0.647059  required >= 0.5
  PASS  positive_fold_count                          4.000000  required >= 3
  PASS  worst_fold_sharpe                            0.285428  required >= -0.25
  PASS  annualized_turnover                         14.337921  required <= 25
  PASS  gross_edge_bps_per_turnover                 78.832045  required >= 40
  PASS  cost_share_of_positive_gross                 0.008004  required <= 0.3
  PASS  top5_day_share                               0.027011  required <= 0.35
  PASS  max_fold_positive_pnl_share                  0.270151  required <= 0.6
  PASS  trade_count                               7092.000000  required >= 500
  PASS  neighbourhood_positive_fraction              1.000000  required >= 0.7
  PASS  trial_adjusted_confidence                    0.935000  required >= 0.9
  PASS  declared_roles_match_traded_sides      declared ['long', 'short'], traded ['long', 'short']
  PASS  role_long_gross_pnl                          0.516751  required > 0
  FAIL  role_short_gross_pnl                        -0.065736  required > 0

------------------------------------------------------------------------------
  verdict: FAILS 1 measured floor(s)
  indicative ranking score G: 50.449
------------------------------------------------------------------------------

DIAGNOSTIC ONLY -- your NOMINATED POINT's own vector. This is NOT your score.
------------------------------------------------------------------------------
  annualized_return                               0.105652   (median       0.097965)
  annualized_turnover                            14.330744   (median      14.337921)
  annualized_volatility                           0.117366   (median       0.117366)
  calmar                                          0.911283   (median       0.877330)
  cost_share_of_positive_gross                    0.007961   (median       0.008004)
  double_cost_annualized_return                   0.093844   (median       0.086475)
  double_cost_annualized_turnover                14.333982   (median      14.341347)
  double_cost_max_drawdown                        0.102981   (median       0.101888)
  double_cost_positive_quarter_fraction           0.647059   (median       0.647059)
  double_cost_sharpe                              0.823317   (median       0.769691)
  gross_edge_bps_per_turnover                    82.307991   (median      78.832045)
  long_gross_pnl                                  0.516751   (median       0.516751)
  max_drawdown                                    0.101499   (median       0.100962)
  max_fold_positive_pnl_share                     0.269251   (median       0.270151)
  median_fold_sharpe                              0.795596   (median       0.668037)
  net_sharpe                                      0.914515   (median       0.859654)
  positive_fold_count                             4.000000   (median       4.000000)
  positive_quarter_count                         11.000000   (median      11.000000)
  positive_quarter_fraction                       0.647059   (median       0.647059)
  short_gross_pnl                                -0.049784   (median      -0.065736)
  top5_day_share                                  0.026762   (median       0.027011)
  trade_count                                  7092.000000   (median    7092.000000)
  triple_cost_sharpe                              0.731880   (median       0.679511)
  worst_fold_sharpe                               0.285428   (median       0.285428)

  Section 7.2 scores the median, not this. Where the two disagree, the median is the
  number you are ranked on -- a nominated point is the max of a noisy surface.
------------------------------------------------------------------------------

packet written to tournament/cup20/teams/team-11/research/packets/neighbourhood.json

completed in 2212.0s
