==============================================================================
DIAG-B — cointegration pairs stat-arb probe at 1h (MN track, pre-registered)
==============================================================================
[mn-datacheck] DEGRADED: BTC grid OK: T=7147, contiguous, [2020-01-01T00:00:00Z .. 2026-07-10T00:00:00Z]; 40 of BTC+top40-live stale vs expected latest 2026-07-10T08:00:00Z; e.g. ['BTCUSDT', 'ETHUSDT', 'BTCUSDC', 'SOLUSDT', 'ETHUSDC', 'LABUSDT']
  NOTE: DEGRADED verdict is live-feed staleness — irrelevant for an IS-only probe (IS ends 2025-12-31); proceeding.

[1] 8h IS panel + census (QR-disclosed definition, see module docstring)
  census (top-30 TOTAL IS $-vol, ex-stables, deduped by base, >=90d hist):
    BTCUSDT         ETHUSDT         SOLUSDT         XRPUSDT         DOGEUSDT        BNBUSDT       
    ADAUSDT         1000PEPEUSDT    LINKUSDT        1000SHIBUSDT    LTCUSDT         AVAXUSDT      
    ETCUSDT         MATICUSDT       DOTUSDT         SUIUSDT         BCHUSDT         FTMUSDT       
    FILUSDT         NEARUSDT        GMTUSDT         EOSUSDT         LUNAUSDT        SANDUSDT      
    GALAUSDT        AXSUSDT         WIFUSDT         APEUSDT         ATOMUSDT        APTUSDT       
  theoretical pair count: 435 (PLAN: 435)

[2] Regime buckets (mn_regimes frozen rules, 8h grid)
  CRASH : n=  747  frac=11.5%
  MANIA : n= 1021  frac=15.7%
  CHOP  : n= 4718  frac=72.7%

[3] Funding (8h bucket-sum on census syms)
[funding] load: mapped=0 direct=745 missing=2 (of 747 panel syms); 711 cols with >=1 in-grid settlement

[4] 1h closes on the BTC 1h IS grid + archive-hole policy
  1h grid: T=52608 [2020-01-01 .. 2025-12-31] (IS-only, guard passed)
  symbol               first       last interior_missing_h max_gap_h
  BTCUSDT         2020-01-01 2025-12-31                  0         0
  ETHUSDT         2020-01-01 2025-12-31                  0         0
  SOLUSDT         2020-09-14 2025-12-31                120        72
  XRPUSDT         2020-01-06 2025-12-31                120        72
  DOGEUSDT        2020-07-10 2025-12-31                  0         0
  BNBUSDT         2020-02-10 2025-12-31                  0         0
  ADAUSDT         2020-01-31 2025-12-31                  0         0
  1000PEPEUSDT    2023-05-05 2025-12-31                  0         0
  LINKUSDT        2020-01-17 2025-12-31                  0         0
  1000SHIBUSDT    2021-05-10 2025-12-31                  0         0
  LTCUSDT         2020-01-09 2025-12-31                120        72
  AVAXUSDT        2020-09-23 2025-12-31                  0         0
  ETCUSDT         2020-01-16 2025-12-31                  0         0
  MATICUSDT       2020-10-22 2024-09-11                  0         0
  DOTUSDT         2020-08-22 2025-12-31                  0         0
  SUIUSDT         2023-05-03 2025-12-31                  0         0
  BCHUSDT         2020-01-01 2025-12-31                  0         0
  FTMUSDT         2020-09-24 2025-12-31                120        72
  FILUSDT         2020-10-16 2025-12-31                120        72
  NEARUSDT        2020-10-15 2025-12-31                120        72
  GMTUSDT         2022-03-15 2025-12-31                 48        48
  EOSUSDT         2020-01-08 2025-05-21                  0         0
  LUNAUSDT        2021-01-28 2022-05-13                120        72
  SANDUSDT        2021-01-25 2025-12-31                120        72
  GALAUSDT        2021-09-18 2025-12-31                  0         0
  AXSUSDT         2020-11-20 2025-12-31                  0         0
  WIFUSDT         2024-01-18 2025-12-31                  0         0
  APEUSDT         2022-03-17 2025-12-31                  0         0
  ATOMUSDT        2020-02-07 2025-12-31                  0         0
  APTUSDT         2022-10-19 2025-12-31                  0         0
  hole policy: interior ffill limit 96h, 1008 candle-values fabricated (0.0798% of finite panel); decisions SKIPPED on hole-filled hours
  formation windows: 24 x 2160h (starts 2020-01-01 .. 2025-09-01); last trading window truncated to 768h

[5] FORMATION CENSUS — EG(p<0.05) AND OU half-life in [6h, 168h]
    w= 0 [2020-01-01] alive= 3 pairs=  3 EG-pass=  0 QUAL=  0 hl_med=    nanh (    0s elapsed)
    w= 1 [2020-03-31] alive=11 pairs= 55 EG-pass=  8 QUAL=  8 hl_med=   47.8h (    3s elapsed)
    w= 2 [2020-06-29] alive=11 pairs= 55 EG-pass=  2 QUAL=  2 hl_med=   59.0h (    6s elapsed)
    w= 3 [2020-09-27] alive=16 pairs=120 EG-pass= 18 QUAL= 18 hl_med=   51.8h (   12s elapsed)
    w= 4 [2020-12-26] alive=20 pairs=190 EG-pass= 12 QUAL= 12 hl_med=   65.4h (   21s elapsed)
    w= 5 [2021-03-26] alive=22 pairs=231 EG-pass=  9 QUAL=  9 hl_med=   60.9h (   34s elapsed)
    w= 6 [2021-06-24] alive=23 pairs=253 EG-pass= 12 QUAL= 12 hl_med=   55.7h (   47s elapsed)
    w= 7 [2021-09-22] alive=24 pairs=276 EG-pass= 24 QUAL= 24 hl_med=   70.7h (   63s elapsed)
    w= 8 [2021-12-21] alive=24 pairs=276 EG-pass= 42 QUAL= 40 hl_med=   72.4h (   78s elapsed)
    w= 9 [2022-03-21] alive=25 pairs=300 EG-pass= 35 QUAL= 35 hl_med=   50.1h (   95s elapsed)
    w=10 [2022-06-19] alive=25 pairs=300 EG-pass= 23 QUAL= 23 hl_med=   60.2h (  112s elapsed)
    w=11 [2022-09-17] alive=25 pairs=300 EG-pass= 46 QUAL= 46 hl_med=   67.6h (  130s elapsed)
    w=12 [2022-12-16] alive=26 pairs=325 EG-pass= 25 QUAL= 25 hl_med=   50.2h (  148s elapsed)
    w=13 [2023-03-16] alive=26 pairs=325 EG-pass= 70 QUAL= 70 hl_med=   49.2h (  168s elapsed)
    w=14 [2023-06-14] alive=28 pairs=378 EG-pass= 46 QUAL= 46 hl_med=   56.0h (  189s elapsed)
    w=15 [2023-09-12] alive=28 pairs=378 EG-pass= 93 QUAL= 93 hl_med=   52.8h (  211s elapsed)
    w=16 [2023-12-11] alive=28 pairs=378 EG-pass= 42 QUAL= 42 hl_med=   55.6h (  233s elapsed)
    w=17 [2024-03-10] alive=29 pairs=406 EG-pass= 76 QUAL= 73 hl_med=   62.3h (  257s elapsed)
    w=18 [2024-06-08] alive=29 pairs=406 EG-pass= 27 QUAL= 27 hl_med=   65.6h (  281s elapsed)
    w=19 [2024-09-06] alive=28 pairs=378 EG-pass= 45 QUAL= 45 hl_med=   60.0h (  304s elapsed)
    w=20 [2024-12-05] alive=28 pairs=378 EG-pass= 58 QUAL= 58 hl_med=   67.5h (  328s elapsed)
    w=21 [2025-03-05] alive=27 pairs=351 EG-pass= 35 QUAL= 35 hl_med=   65.5h (  349s elapsed)
    w=22 [2025-06-03] alive=27 pairs=351 EG-pass= 22 QUAL= 22 hl_med=   61.6h (  370s elapsed)
    w=23 [2025-09-01] alive=27 pairs=351 EG-pass= 21 QUAL= 21 hl_med=   49.1h (  391s elapsed)

  co-listed pairs/window: med=312 min=3 max=406
  EG-pass/window:         med=26 (rate 11.7%)
  QUALIFYING/window:      med=26.0 min=0 max=93 (rate 11.6%)  <- KILL (c) floor: 8
  qualifying half-life (h): p25=45 med=57 p75=71 (n=786)
  EG-pass half-life (h):    med=57  <6h: 0%  >168h: 1%
  qualifying gamma: p5=+0.18 p25=+0.68 med=+0.95 p75=+1.30 p95=+2.12  (gamma<0: 2%)

[6] PERSISTENCE — P(qual in w+1 | qual in w) vs unconditional base rate
  pooled: persist = 95/758 = 0.125; base = 757/6304 = 0.120;  RATIO = 1.04x  <- KILL (a) if <= 1.5x
   w->w+1 co-listed qual_w still_qual qual_w+1
    0->1           3      0          0        2
    1->2          55      8          0        2
    2->3          55      2          0        6
    3->4         120     18          2       12
    4->5         190     12          0        7
    5->6         231      9          0       12
    6->7         253     12          1       24
    7->8         276     24          2       40
    8->9         253     40          8       35
    9->10        300     35          0       23
   10->11        300     23          3       46
   11->12        300     46          7       25
   12->13        325     25          7       70
   13->14        325     70          7       46
   14->15        378     46          8       93
   15->16        378     93         21       42
   16->17        378     42          7       64
   17->18        406     73          4       27
   18->19        378     27          8       45
   19->20        378     45          3       58
   20->21        341     51          2       35
   21->22        340     35          2       22
   22->23        341     22          3       21

[7] WALK-FORWARD — enter |z|>2 / exit z=0 / stop |z|>4 in the NEXT window, frozen formation (gamma, mu, sigma)
  trades: 2418 across 23 trading windows, 346 distinct pairs
  exit reasons: {'stop': 1257, 'converged': 973, 'expired': 185, 'death': 3}
  convergence rate: 40.2%   stop rate: 52.0%
  holding hours: med=106 p25=33 p75=268

  P&L per trade (bps of GROSS notional; fee = 15bps/trade):
                   mean   median      t   win%     total
    GROSS        -24.20  -208.26  -1.67  44.4%    -58520
    +fund        -21.41  -207.07  -1.48  44.5%    -51769
    NET 1x       -36.41  -222.07  -2.51  44.3%    -88039
    NET 2x       -51.41  -237.07  -3.55  44.1%   -124309
  funding component: mean +2.79 bps/trade
  TOTAL NET P&L (1x costs, per unit gross): -88039 bps  <- KILL (b) if <= 0

[8] TAILS — per-trade net distribution + worst trades + break attribution
    net/trade bps: p1=-1787  p5=-1043  p25=-482  p50=-222  p75=459  p95=1061  p99=1770
    skew=+0.06; worst trade -3913 bps, best 3211 bps
    share of total losses from STOP exits: 97%
    net P&L by exit reason (bps of gross):
      converged  n=  973 mean=  645.25 total=   627826
      death      n=    3 mean=  742.44 total=     2227
      expired    n=  185 mean=   15.13 total=     2800
      stop       n= 1257 mean= -573.50 total=  -720892
    worst 10 trades:
      WIFUSDT/AXSUSDT              2024-06-18 stop      hold= 1143h gamma=+0.05 net=   -3913 bps
      APEUSDT/BCHUSDT              2025-09-22 stop      hold=  444h gamma=-0.32 net=   -3832 bps
      WIFUSDT/EOSUSDT              2024-08-01 stop      hold=   84h gamma=+0.12 net=   -3155 bps
      WIFUSDT/GMTUSDT              2024-08-09 stop      hold=  250h gamma=+0.15 net=   -2953 bps
      WIFUSDT/LINKUSDT             2024-06-18 stop      hold= 1132h gamma=+0.21 net=   -2908 bps
      WIFUSDT/GMTUSDT              2024-08-01 stop      hold=   83h gamma=+0.15 net=   -2841 bps
      AXSUSDT/LUNAUSDT             2021-07-02 stop      hold=   51h gamma=+0.54 net=   -2808 bps
      WIFUSDT/1000SHIBUSDT         2024-08-02 stop      hold=   62h gamma=+0.29 net=   -2790 bps
      AXSUSDT/XRPUSDT              2025-09-25 stop      hold=  377h gamma=+0.25 net=   -2640 bps
      WIFUSDT/ETCUSDT              2024-08-01 stop      hold=   83h gamma=+0.36 net=   -2567 bps

[9] REGIME BUCKETS (entry-time label, frozen rules)
    bucket      n mean_net(bps)      t   win%  total(bps)
    CRASH     200        105.08   1.71  49.0%       21016
    MANIA     514        -36.29  -1.37  43.6%      -18652
    CHOP     1704        -53.05  -3.04  44.0%      -90403

[10] PER-YEAR (entry year)
    year       n mean_net(bps)      t  total(bps)
    2020      60        -88.76  -0.93       -5325
    2021     122       -165.46  -1.47      -20186
    2022     343         20.54   0.44        7047
    2023     798         13.45   0.73       10730
    2024     741        -70.33  -2.71      -52115
    2025     354        -79.63  -2.28      -28190

[11] CONTAMINATION TWIN — excluding trades entered 2025-03 -> 2025-12
    n=2097 mean_net=-32.96 bps t=-2.10 total=-69127 bps (excluded 321 trades)

[12] COST BURN + IMPLIED TURNOVER
    fees total: 36270 bps-of-gross vs gross+funding P&L -51769 bps -> cost/gross = 0.70x
    trades/quarter: 105.1 ; avg concurrent open trades: 9.63 ; round-trips/year: 403
    implied annual turnover (traded notional / avg gross): 84x

[13] BOOK BETA — realized hourly trade-book return vs BTC/ETH 1h returns
    beta_BTC = -0.0610 (se 0.0027, n=45807 trade-hours)
    beta_ETH = -0.0393 (se 0.0021, n=45807)
    bucket-conditional beta_BTC [CRASH]: -0.1396 (se 0.0072, n=5239)
    bucket-conditional beta_BTC [MANIA]: -0.1707 (se 0.0077, n=5952)
    per-trade |net exposure|/gross: med=0.17 p90=0.54 (G3 bound at construction stage: 0.10)

==============================================================================
[14] VERDICT — pre-registered kill criteria (PLAN §2 Sketch B, verbatim)
  (a) persistence <= 1.5x base rate: persist=0.125 base=0.120 ratio=1.04x -> KILLED
  (b) walk-forward post-cost convergence P&L <= 0: total net (1x) = -88039 bps-of-gross over 2418 trades -> KILLED
  (c) median qualifying pairs/window < 8: median=26.0 -> SURVIVES

  SKETCH B: DEAD (kill criterion fired)
==============================================================================
